> Task :app:generateIcons

> Task :app:runIncomeIconGen
Failed ic_outline_price_check: HTTP Error 404: Not Found
Failed ic_outline_request_quote: HTTP Error 404: Not Found
Failed ic_outline_sell: HTTP Error 404: Not Found
Failed ic_outline_storefront: HTTP Error 404: Not Found
Failed ic_outline_credit_score: HTTP Error 404: Not Found
Failed ic_outline_point_of_sale: HTTP Error 404: Not Found
Failed ic_outline_receipt_long: HTTP Error 404: Not Found
Failed ic_outline_diamond: HTTP Error 404: Not Found
Failed ic_outline_volunteer_activism: HTTP Error 404: Not Found
Failed ic_outline_money: HTTP Error 404: Not Found
Done generating income icons

> Task :app:preBuild
> Task :app:preDebugBuild
> Task :app:mergeDebugNativeDebugMetadata NO-SOURCE
> Task :app:dataBindingMergeDependencyArtifactsDebug FAILED
3 actionable tasks: 3 executed
.\gradlew : 
At line:1 char:1
+ .\gradlew build > build_output.log 2>&1
+ ~~~~~~~~~~~~~~~~~~~~~~~~~~~~~~~~~~~~~~~
    + CategoryInfo          : NotSpecified: (:String) [], RemoteException
    + FullyQualifiedErrorId : NativeCommandError
 
FAILURE: Build failed with an exception.

* What went wrong:
Execution failed for task ':app:dataBindingMergeDependencyArtifactsDebug'.
> Could not resolve all files for configuration ':app:debugCompileClasspath'.
   > Could not find com.github.kizitonwose:colorpreference:1.1.1.
     Required by:
         project :app

* Try:
> Run with --stacktrace option to get the stack trace.
> Run with --info or --debug option to get more log output.
> Run with --scan to get full insights.
> Get more help at https://help.gradle.org.

BUILD FAILED in 11s
